
[1m[46m RUN [49m[22m [36mv4.0.15 [39m[90mC:/Users/fanep/Documents/Semester 9/Final Year Project/Main Project/ZAPatchex[39m

node.exe : [90mstderr[2m 
| src/pages/popup/__tests__/
ZAPScannerPanel.test.tsx[2m
 > [22m[2mZAPScannerPanel 
Component[2m > 
[22m[2mTC-SCAN-03: 
Toggles Attack Mode (Active 
Scan)
At C:\Program 
Files\nodejs\npx.ps1:29 
char:3
+   & $NODE_EXE $NPX_CLI_JS 
$args
+   ~~~~~~~~~~~~~~~~~~~~~~~~
~~~~~
    + CategoryInfo          
    : NotSpeci    fied: 
([90mstder    r[2m...e 
(Active     Scan):String) 
[]    , RemoteException
    + FullyQualifiedE    
rrorId : NativeCo    
mmandError
 
[22m[39mAn update to 
ZAPScannerPanel inside a 
test was not wrapped in 
act(...).

When testing, code that 
causes React state updates 
should be wrapped into 
act(...):

act(() => {
  /* fire events that 
update state */
});
/* assert on the output */

This ensures that you're 
testing the behavior the 
user would see in the 
browser. Learn more at https
://react.dev/link/wrap-tests
-with-act
An update to 
ZAPScannerPanel inside a 
test was not wrapped in 
act(...).

When testing, code that 
causes React state updates 
should be wrapped into 
act(...):

act(() => {
  /* fire events that 
update state */
});
/* assert on the output */

This ensures that you're 
testing the behavior the 
user would see in the 
browser. Learn more at https
://react.dev/link/wrap-tests
-with-act
An update to 
ZAPScannerPanel inside a 
test was not wrapped in 
act(...).

When testing, code that 
causes React state updates 
should be wrapped into 
act(...):

act(() => {
  /* fire events that 
update state */
});
/* assert on the output */

This ensures that you're 
testing the behavior the 
user would see in the 
browser. Learn more at https
://react.dev/link/wrap-tests
-with-act

 [31m❯[39m src/pages/popup/__tests__/ZAPScannerPanel.test.tsx [2m([22m[2m5 tests[22m[2m | [22m[31m3 failed[39m[2m)[22m[33m 10143[2mms[22m[39m
     [32m✓[39m TC-SCAN-01: Validates Target URL input[32m 66[2mms[22m[39m
[31m     [31m×[31m TC-SCAN-02: Starts Spider Scan and Polls Progress[39m[32m 32[2mms[22m[39m
     [32m✓[39m TC-SCAN-03: Toggles Attack Mode (Active Scan)[32m 21[2mms[22m[39m
[31m     [31m×[31m TC-SCAN-04: Handles Session Saving[39m[33m 5015[2mms[22m[39m
[31m     [31m×[31m TC-SCAN-05: Restores Active Scan state from Storage[39m[33m 5007[2mms[22m[39m

[31m⎯⎯⎯⎯⎯⎯⎯[39m[1m[41m 
Failed Tests 3 
[49m[22m[31m⎯⎯⎯⎯⎯⎯⎯[39m

[41m[1m FAIL [22m[49m sr
c/pages/popup/__tests__/ZAPS
cannerPanel.test.tsx[2m > 
[22mZAPScannerPanel 
Component[2m > 
[22mTC-SCAN-02: Starts 
Spider Scan and Polls 
Progress
[31m[1mTestingLibraryEleme
ntError[22m[39m: Unable 
to find an element with the 
text: Spider: 50%. This 
could be because the text 
is broken up by multiple 
elements. In this case, you 
can provide a function for 
your text matcher to make 
your matcher more flexible.

Ignored nodes: comments, 
script, style
[36m<body>[39m
  [36m<div>[39m
    [36m<div[39m
      [33mclass[39m=[32m"
font-sans w-[450px] 
h-[600px] bg-slate-900 
text-slate-200 p-5 flex 
flex-col relative 
overflow-hidden"[39m
    [36m>[39m
      [36m<div[39m
        [33mclass[39m=[32
m"absolute top-0 right-0 
w-64 h-64 bg-cyan-500/5 
rounded-full blur-3xl 
pointer-events-none 
-translate-y-1/2 
translate-x-1/2"[39m
      [36m/>[39m
      [36m<header[39m
        
[33mclass[39m=[32m"flex 
flex-col items-center mb-6 
relative z-10"[39m
      [36m>[39m
        [36m<div[39m
          [33mclass[39m=[
32m"absolute top-2 right-2 
flex flex-row items-center 
gap-3 z-50 
pointer-events-auto"[39m
        [36m>[39m
          [36m<button[39m
            
[33mclass[39m=[32m"p-1.5 
rounded-full 
bg-yellow-500/10 
hover:bg-yellow-600 
text-yellow-500 
hover:text-white 
transition-colors border 
border-yellow-500/20 
shadow-sm"[39m
            [33mtitle[39m=
[32m"Disconnect 
(Logout)"[39m
          [36m>[39m
            [36m<svg[39m
              
[33mclass[39m=[32m"w-4 
h-4"[39m
              [33mfill[39m
=[32m"none"[39m
              [33mstroke[3
9m=[32m"currentColor"[39m
              
[33mviewBox[39m=[32m"0 0 
24 24"[39m
            [36m>[39m
              
[36m<path[39m
                
[33md[39m=[32m"M13 
10V3L4 14h7v7l9-11h-7z"[39m
                [33mstroke-
linecap[39m=[32m"round"[3
9m
                [33mstroke-
linejoin[39m=[32m"round"[
39m
                [33mstroke-
width[39m=[32m"2"[39m
              [36m/>[39m
            [36m</svg>[39m
          
[36m</button>[39m
          [36m<button[39m
            
[33mclass[39m=[32m"p-1.5 
rounded-full bg-red-900/20 
hover:bg-red-600 
text-red-500 
hover:text-white 
transition-colors border 
border-red-900/50 
shadow-sm"[39m
            
[33mtitle[39m=[32m"Power 
Off ZAP"[39m
          [36m>[39m
            [36m<svg[39m
              
[33mclass[39m=[32m"w-4 
h-4"[39m
              [33mfill[39m
=[32m"none"[39m
              [33mstroke[3
9m=[32m"currentColor"[39m
              
[33mviewBox[39m=[32m"0 0 
24 24"[39m
            [36m>[39m
              
[36m<path[39m
                
[33md[39m=[32m"M5.636 
5.636a9 9 0 1012.728 0M12 
3v9"[39m
                [33mstroke-
linecap[39m=[32m"round"[3
9m
                [33mstroke-
linejoin[39m=[32m"round"[
39m
                [33mstroke-
width[39m=[32m"2"[39m
              [36m/>[39m
            [36m</svg>[39m
          
[36m</button>[39m
        [36m</div>[39m
        [36m<div[39m
          
[33mclass[39m=[32m"w-16 
h-16 bg-slate-800 
rounded-2xl flex 
items-center justify-center 
shadow-2xl border 
border-slate-700 mb-3 
relative group"[39m
        [36m>[39m
          [36m<div[39m
            [33mclass[39m=
[32m"absolute inset-0 
bg-cyan-500/20 rounded-2xl 
blur-lg 
group-hover:bg-cyan-500/30 
transition-all 
duration-500"[39m
          [36m/>[39m
          [36m<img[39m
            
[33malt[39m=[32m"ZAP 
Logo"[39m
            
[33mclass[39m=[32m"w-10 
h-10 object-contain 
relative z-10"[39m
            [33msrc[39m=[
32m"Icons/OWASP_ZAP_Logo.png
"[39m
          [36m/>[39m
        [36m</div>[39m
        [36m<h1[39m
          [33mclass[39m=[
32m"text-2xl font-bold 
tracking-tight text-white 
merriweather-font"[39m
        [36m>[39m
          [0mZAPatchex[0m
        [36m</h1>[39m
        [36m<p[39m
          [33mclass[39m=[
32m"text-xs text-slate-400 
font-medium tracking-wide 
uppercase mt-1"[39m
        [36m>[39m
          [0mWeb 
Vulnerability Scanner[0m
        [36m</p>[39m
      [36m</header>[39m
      [36m<main[39m
        [33mclass[39m=[32
m"flex-grow flex flex-col 
relative z-10 
overflow-y-auto px-1 [&::-we
bkit-scrollbar]:hidden"[39m
        [33mstyle[39m=[32
m"scrollbar-width: 
none;"[39m
      [36m>[39m
        [36m<div[39m
          [33mclass[39m=[
32m"flex-grow flex flex-col 
justify-center"[39m
        [36m>[39m
          [36m<div[39m
            
[33mclass[39m=[32m"mt-4 
p-4 bg-slate-800/80 rounded 
border border-cyan-500/30 
text-center shadow-lg 
animate-fade-in relative 
overflow-hidden"[39m
          [36m>[39m
            [36m<div[39m
              [33mclass[39
m=[32m"absolute top-0 
left-0 w-full h-1 
bg-gradient-to-r 
from-transparent 
via-cyan-500 to-transparent 
animate-shimmer"[39m
            [36m/>[39m
            [36m<div[39m
              
[33mclass[39m=[32m"flex 
justify-center items-center 
space-x-2 mb-3"[39m
            [36m>[39m
              [36m<div[39m
                
[33mclass[39m=[32m"w-2.5 
h-2.5 bg-cyan-400 
rounded-full animate-bounce 
[animation-delay:-0.3s]"[39
m
              [36m/>[39m
              [36m<div[39m
                
[33mclass[39m=[32m"w-2.5 
h-2.5 bg-cyan-400 
rounded-full animate-bounce 
[animation-delay:-0.15s]"[3
9m
              [36m/>[39m
              [36m<div[39m
                
[33mclass[39m=[32m"w-2.5 
h-2.5 bg-cyan-400 
rounded-full 
animate-bounce"[39m
              [36m/>[39m
            [36m</div>[39m
            [36m<p[39m
              [33mclass[39
m=[32m"font-bold 
text-cyan-400 text-sm mb-1 
uppercase 
tracking-wider"[39m
            [36m>[39m
              [0mSpider: 
0%[0m
            [36m</p>[39m
            [36m<p[39m
              [33mclass[39
m=[32m"text-xs 
text-slate-300 
leading-relaxed mb-4"[39m
            [36m>[39m
              [0mZAPatchex 
is analyzing [0m
              
[36m<strong>[39m
                
[0mhttp://test.com[0m
              
[36m</strong>[39m
              [0m.[0m
              [36m<br 
/>[39m
              [0mThis may 
take several minutes.[0m
            [36m</p>[39m
            [36m<div[39m
              
[33mclass[39m=[32m"w-64 
mx-auto bg-slate-700/50 
rounded-full h-1.5 
overflow-hidden mb-4 
relative"[39m
            [36m>[39m
              [36m<div[39m
                [33mclass[
39m=[32m"absolute top-0 
left-0 h-full bg-cyan-500 sh
adow-[0_0_10px_rgba(6,182,21
2,0.7)] transition-all 
duration-500 ease-out"[39m
                [33mstyle[
39m=[32m"width: 0%;"[39m
              [36m/>[39m
            [36m</div>[39m
            [36m<div[39m
              
[33mclass[39m=[32m"py-2 
px-3 bg-slate-700/30 
rounded border 
border-slate-600/50 
inline-block w-full"[39m
            [36m>[39m
              [36m<p[39m
                [33mclass[
39m=[32m"text-[11px] 
text-slate-300 
font-semibold flex 
items-center justify-center 
gap-2"[39m
              [36m>[39m
                
[36m<svg[39m
                  
[33mclass[39m=[32m"w-4 
h-4 text-slate-400"[39m
                  [33mfill
[39m=[32m"none"[39m
                  [33mstrok
e[39m=[32m"currentColor"[
39m
                  
[33mviewBox[39m=[32m"0 0 
24 24"[39m
                [36m>[39m
                  
[36m<path[39m
                    
[33md[39m=[32m"M13 
16h-1v-4h-1m1-4h.01M21 12a9 
9 0 11-18 0 9 9 0 0118 
0z"[39m
                    [33mstr
oke-linecap[39m=[32m"round
"[39m
                    [33mstr
oke-linejoin[39m=[32m"roun
d"[39m
                    [33mstr
oke-width[39m=[32m"2"[39m
                  
[36m/>[39m
                
[36m</svg>[39m
                [0mYou can 
close this window[0m
              [36m</p>[39m
              [36m<p[39m
                [33mclass[
39m=[32m"text-[10px] 
text-slate-400 mt-0.5"[39m
              [36m>[39m
                [0mWe'll 
notify you when it's 
done.[0m
              [36m</p>[39m
            [36m</div>[39m
            
[36m<button[39m
              
[33mclass[39m=[32m"mt-4 
text-[10px] text-red-400 
hover:text-red-300 
uppercase font-bold 
tracking-widest border-b 
border-red-900/0 
hover:border-red-400 
transition-all 
cursor-pointer"[39m
            [36m>[39m
              [0mStop 
Scan[0m
            
[36m</button>[39m
          [36m</div>[39m
        [36m</div>[39m
      [36m</main>[39m
      [36m<footer[39m
        [33mclass[39m=[32
m"mt-auto pt-4 text-center 
space-y-2 z-20 
bg-slate-900/95"[39m
      [36m>[39m
        [36m<div>[39m
          [36m<button[39m
            [33mclass[39m=
[32m"text-xs text-cyan-500 
hover:text-cyan-400 
font-bold border-b 
border-cyan-500/30 
hover:border-cyan-400 
transition-colors uppercase 
tracking-wider"[39m
          [36m>[39m
            [0mView 
Previous Reports[0m
          
[36m</button>[39m
        [36m</div>[39m
        [36m<p[39m
          [33mclass[39m=[
32m"text-[10px] 
text-slate-600 
font-medium"[39m
        [36m>[39m
          [0mPowered by 
ZAP API[0m
        [36m</p>[39m
      [36m</footer>[39m
    [36m</div>[39m
  [36m</div>[39m
[36m</body>[39m
[90m [2m❯[22m 
Object.getElementError node_
modules/@testing-library/dom
/dist/config.js:[2m37:19[2
2m[39m
[90m [2m❯[22m node_module
s/@testing-library/dom/dist/
query-helpers.js:[2m76:38[
22m[39m
[90m [2m❯[22m node_module
s/@testing-library/dom/dist/
query-helpers.js:[2m52:17[
22m[39m
[90m [2m❯[22m node_module
s/@testing-library/dom/dist/
query-helpers.js:[2m95:19[
22m[39m
[36m [2m❯[22m src/pages/p
opup/__tests__/ZAPScannerPan
el.test.tsx:[2m85:23[22m[
39m
    [90m 83| [39m         
   vi[33m.[39m[34madvance
TimersByTime[39m([34m1000
[39m)[33m;[39m [90m// 
50%[39m
    [90m 84| [39m        
})[33m;[39m
    [90m 85| [39m        
[34mexpect[39m(screen[33m.
[39m[34mgetByText[39m([3
2m'Spider: 50%'[39m))[33m.
[39m[34mtoBeInTheDocument
[39m()[33m;[39m
    [90m   | [39m         
             [31m^[39m
    [90m 86| [39m
    [90m 87| [39m        
[35mawait[39m [34mact[39
m([35masync[39m () 
[33m=>[39m {

[31m[2m⎯⎯⎯⎯⎯⎯⎯⎯⎯⎯⎯⎯⎯⎯⎯⎯⎯⎯⎯
⎯⎯⎯⎯⎯[1/3]⎯[22m[39m

[41m[1m FAIL [22m[49m sr
c/pages/popup/__tests__/ZAPS
cannerPanel.test.tsx[2m > 
[22mZAPScannerPanel 
Component[2m > 
[22mTC-SCAN-04: Handles 
Session Saving
[31m[1mError[22m: Test 
timed out in 5000ms.
If this is a long-running 
test, pass a timeout value 
as the last argument or 
configure it globally with 
"testTimeout".[39m
[36m [2m❯[22m src/pages/p
opup/__tests__/ZAPScannerPan
el.test.tsx:[2m117:5[22m[
39m
    [90m115| [39m    
})[33m;[39m

[2m Test Files [22m [1m[31m1 failed[39m[22m[90m (1)[39m
[2m      Tests [22m [1m[31m3 failed[39m[22m[2m | [22m[1m[32m2 passed[39m[22m[90m (5)[39m
[2m   Start at [22m 15:57:55
[2m   Duration [22m 11.35s[2m (transform 138ms, setup 124ms, import 266ms, tests 10.14s, environment 660ms)[22m

    [90m116| [39m
    [90m117| [39m    [34m
it[39m([32m'TC-SCAN-04: 
Handles Session 
Saving'[39m[33m,[39m 
[35masync[39m () 
[33m=>[39m {
    [90m   | [39m    
[31m^[39m
    [90m118| [39m        (
[33mZapApi[39m[33m.[39ms
aveSession [35mas[39m any)
[33m.[39m[34mmockResolved
Value[39m([32m'OK'[39m)[
33m;[39m
    [90m119| [39m        (
[33mZapApi[39m[33m.[39mg
etZapHomePath [35mas[39m a
ny)[33m.[39m[34mmockResol
vedValue[39m([32m'/home/za
p'[39m)[33m;[39m

[31m[2m⎯⎯⎯⎯⎯⎯⎯⎯⎯⎯⎯⎯⎯⎯⎯⎯⎯⎯⎯
⎯⎯⎯⎯⎯[2/3]⎯[22m[39m

[41m[1m FAIL [22m[49m sr
c/pages/popup/__tests__/ZAPS
cannerPanel.test.tsx[2m > 
[22mZAPScannerPanel 
Component[2m > 
[22mTC-SCAN-05: Restores 
Active Scan state from 
Storage
[31m[1mError[22m: Test 
timed out in 5000ms.
If this is a long-running 
test, pass a timeout value 
as the last argument or 
configure it globally with 
"testTimeout".[39m
[36m [2m❯[22m src/pages/p
opup/__tests__/ZAPScannerPan
el.test.tsx:[2m140:5[22m[
39m
    [90m138| [39m    
})[33m;[39m
    [90m139| [39m
    [90m140| [39m    
it('TC-SCAN-05: Restores 
Active Scan state from 
Storage', async ()…
    [90m   | [39m    
[31m^[39m
    [90m141| [39m        
[90m// Mock stored 
state[39m
    [90m142| [39m        (
[33mBrowser[39m[33m.[39m
storage[33m.[39mlocal[33m
.[39m[35mget[39m 
[35mas[39m any)[33m.[39m
[34mmockResolvedValue[39m(
{

[31m[2m⎯⎯⎯⎯⎯⎯⎯⎯⎯⎯⎯⎯⎯⎯⎯⎯⎯⎯⎯
⎯⎯⎯⎯⎯[3/3]⎯[22m[39m

